Archive member included to satisfy reference by file (symbol)

e:/softwares_programacao/eclipse/avr_gcc/avr-gcc-9.2.0-x64-mingw/bin/../lib/gcc/avr/9.2.0/avr5\libgcc.a(_exit.o)
                              e:/softwares_programacao/eclipse/avr_gcc/avr-gcc-9.2.0-x64-mingw/bin/../lib/gcc/avr/9.2.0/../../../../avr/lib/avr5/crtatmega328p.o (exit)
e:/softwares_programacao/eclipse/avr_gcc/avr-gcc-9.2.0-x64-mingw/bin/../lib/gcc/avr/9.2.0/avr5\libgcc.a(_copy_data.o)
                              ./src/avr_usart.o (__do_copy_data)
e:/softwares_programacao/eclipse/avr_gcc/avr-gcc-9.2.0-x64-mingw/bin/../lib/gcc/avr/9.2.0/avr5\libgcc.a(_clear_bss.o)
                              ./src/main.o (__do_clear_bss)
e:/softwares_programacao/eclipse/avr_gcc/avr-gcc-9.2.0-x64-mingw/bin/../lib/gcc/avr/9.2.0/../../../../avr/lib/avr5\libm.a(cmpsf2.o)
                              ./src/main.o (__ltsf2)
e:/softwares_programacao/eclipse/avr_gcc/avr-gcc-9.2.0-x64-mingw/bin/../lib/gcc/avr/9.2.0/../../../../avr/lib/avr5\libm.a(fixunssfsi.o)
                              ./src/main.o (__fixunssfsi)
e:/softwares_programacao/eclipse/avr_gcc/avr-gcc-9.2.0-x64-mingw/bin/../lib/gcc/avr/9.2.0/../../../../avr/lib/avr5\libm.a(fp_cmp.o)
                              e:/softwares_programacao/eclipse/avr_gcc/avr-gcc-9.2.0-x64-mingw/bin/../lib/gcc/avr/9.2.0/../../../../avr/lib/avr5\libm.a(cmpsf2.o) (__fp_cmp)
e:/softwares_programacao/eclipse/avr_gcc/avr-gcc-9.2.0-x64-mingw/bin/../lib/gcc/avr/9.2.0/../../../../avr/lib/avr5\libm.a(fp_split3.o)
                              e:/softwares_programacao/eclipse/avr_gcc/avr-gcc-9.2.0-x64-mingw/bin/../lib/gcc/avr/9.2.0/../../../../avr/lib/avr5\libm.a(fixunssfsi.o) (__fp_splitA)
e:/softwares_programacao/eclipse/avr_gcc/avr-gcc-9.2.0-x64-mingw/bin/../lib/gcc/avr/9.2.0/../../../../avr/lib/avr5\libm.a(fp_zero.o)
                              e:/softwares_programacao/eclipse/avr_gcc/avr-gcc-9.2.0-x64-mingw/bin/../lib/gcc/avr/9.2.0/../../../../avr/lib/avr5\libm.a(fixunssfsi.o) (__fp_zero)
e:/softwares_programacao/eclipse/avr_gcc/avr-gcc-9.2.0-x64-mingw/bin/../lib/gcc/avr/9.2.0/../../../../avr/lib/avr5\libm.a(gesf2.o)
                              ./src/main.o (__gtsf2)
e:/softwares_programacao/eclipse/avr_gcc/avr-gcc-9.2.0-x64-mingw/bin/../lib/gcc/avr/9.2.0/../../../../avr/lib/avr5\libm.a(mulsf3.o)
                              ./src/main.o (__mulsf3)
e:/softwares_programacao/eclipse/avr_gcc/avr-gcc-9.2.0-x64-mingw/bin/../lib/gcc/avr/9.2.0/../../../../avr/lib/avr5\libm.a(mulsf3x.o)
                              e:/softwares_programacao/eclipse/avr_gcc/avr-gcc-9.2.0-x64-mingw/bin/../lib/gcc/avr/9.2.0/../../../../avr/lib/avr5\libm.a(mulsf3.o) (__mulsf3x)
e:/softwares_programacao/eclipse/avr_gcc/avr-gcc-9.2.0-x64-mingw/bin/../lib/gcc/avr/9.2.0/../../../../avr/lib/avr5\libm.a(fp_inf.o)
                              e:/softwares_programacao/eclipse/avr_gcc/avr-gcc-9.2.0-x64-mingw/bin/../lib/gcc/avr/9.2.0/../../../../avr/lib/avr5\libm.a(mulsf3x.o) (__fp_inf)
e:/softwares_programacao/eclipse/avr_gcc/avr-gcc-9.2.0-x64-mingw/bin/../lib/gcc/avr/9.2.0/../../../../avr/lib/avr5\libm.a(fp_nan.o)
                              e:/softwares_programacao/eclipse/avr_gcc/avr-gcc-9.2.0-x64-mingw/bin/../lib/gcc/avr/9.2.0/../../../../avr/lib/avr5\libm.a(mulsf3x.o) (__fp_nan)
e:/softwares_programacao/eclipse/avr_gcc/avr-gcc-9.2.0-x64-mingw/bin/../lib/gcc/avr/9.2.0/../../../../avr/lib/avr5\libm.a(fp_pscA.o)
                              e:/softwares_programacao/eclipse/avr_gcc/avr-gcc-9.2.0-x64-mingw/bin/../lib/gcc/avr/9.2.0/../../../../avr/lib/avr5\libm.a(mulsf3x.o) (__fp_pscA)
e:/softwares_programacao/eclipse/avr_gcc/avr-gcc-9.2.0-x64-mingw/bin/../lib/gcc/avr/9.2.0/../../../../avr/lib/avr5\libm.a(fp_pscB.o)
                              e:/softwares_programacao/eclipse/avr_gcc/avr-gcc-9.2.0-x64-mingw/bin/../lib/gcc/avr/9.2.0/../../../../avr/lib/avr5\libm.a(mulsf3x.o) (__fp_pscB)
e:/softwares_programacao/eclipse/avr_gcc/avr-gcc-9.2.0-x64-mingw/bin/../lib/gcc/avr/9.2.0/../../../../avr/lib/avr5\libm.a(fp_round.o)
                              e:/softwares_programacao/eclipse/avr_gcc/avr-gcc-9.2.0-x64-mingw/bin/../lib/gcc/avr/9.2.0/../../../../avr/lib/avr5\libm.a(mulsf3.o) (__fp_round)
e:/softwares_programacao/eclipse/avr_gcc/avr-gcc-9.2.0-x64-mingw/bin/../lib/gcc/avr/9.2.0/../../../../avr/lib/avr5\libc.a(fwrite.o)
                              ./src/main.o (fwrite)
e:/softwares_programacao/eclipse/avr_gcc/avr-gcc-9.2.0-x64-mingw/bin/../lib/gcc/avr/9.2.0/avr5\libgcc.a(_prologue.o)
                              e:/softwares_programacao/eclipse/avr_gcc/avr-gcc-9.2.0-x64-mingw/bin/../lib/gcc/avr/9.2.0/../../../../avr/lib/avr5\libc.a(fwrite.o) (__prologue_saves__)
e:/softwares_programacao/eclipse/avr_gcc/avr-gcc-9.2.0-x64-mingw/bin/../lib/gcc/avr/9.2.0/avr5\libgcc.a(_epilogue.o)
                              e:/softwares_programacao/eclipse/avr_gcc/avr-gcc-9.2.0-x64-mingw/bin/../lib/gcc/avr/9.2.0/../../../../avr/lib/avr5\libc.a(fwrite.o) (__epilogue_restores__)

Memory Configuration

Name             Origin             Length             Attributes
text             0x0000000000000000 0x0000000000020000 xr
data             0x0000000000800060 0x000000000000ffa0 rw !x
eeprom           0x0000000000810000 0x0000000000010000 rw !x
fuse             0x0000000000820000 0x0000000000000003 rw !x
lock             0x0000000000830000 0x0000000000000400 rw !x
signature        0x0000000000840000 0x0000000000000400 rw !x
user_signatures  0x0000000000850000 0x0000000000000400 rw !x
*default*        0x0000000000000000 0xffffffffffffffff

Linker script and memory map

Address of section .data set to 0x800100
LOAD e:/softwares_programacao/eclipse/avr_gcc/avr-gcc-9.2.0-x64-mingw/bin/../lib/gcc/avr/9.2.0/../../../../avr/lib/avr5/crtatmega328p.o
LOAD ./src/adc_battery.o
LOAD ./src/avr_spi.o
LOAD ./src/avr_usart.o
LOAD ./src/main.o
LOAD ./src/motor.o
LOAD ./lib/avr_twi_master.o
START GROUP
LOAD e:/softwares_programacao/eclipse/avr_gcc/avr-gcc-9.2.0-x64-mingw/bin/../lib/gcc/avr/9.2.0/avr5\libgcc.a
LOAD e:/softwares_programacao/eclipse/avr_gcc/avr-gcc-9.2.0-x64-mingw/bin/../lib/gcc/avr/9.2.0/../../../../avr/lib/avr5\libm.a
LOAD e:/softwares_programacao/eclipse/avr_gcc/avr-gcc-9.2.0-x64-mingw/bin/../lib/gcc/avr/9.2.0/../../../../avr/lib/avr5\libc.a
LOAD e:/softwares_programacao/eclipse/avr_gcc/avr-gcc-9.2.0-x64-mingw/bin/../lib/gcc/avr/9.2.0/../../../../avr/lib/avr5\libatmega328p.a
END GROUP
                0x0000000000020000                __TEXT_REGION_LENGTH__ = DEFINED (__TEXT_REGION_LENGTH__)?__TEXT_REGION_LENGTH__:0x20000
                0x000000000000ffa0                __DATA_REGION_LENGTH__ = DEFINED (__DATA_REGION_LENGTH__)?__DATA_REGION_LENGTH__:0xffa0
                0x0000000000010000                __EEPROM_REGION_LENGTH__ = DEFINED (__EEPROM_REGION_LENGTH__)?__EEPROM_REGION_LENGTH__:0x10000
                [0x0000000000000003]                __FUSE_REGION_LENGTH__ = DEFINED (__FUSE_REGION_LENGTH__)?__FUSE_REGION_LENGTH__:0x400
                0x0000000000000400                __LOCK_REGION_LENGTH__ = DEFINED (__LOCK_REGION_LENGTH__)?__LOCK_REGION_LENGTH__:0x400
                0x0000000000000400                __SIGNATURE_REGION_LENGTH__ = DEFINED (__SIGNATURE_REGION_LENGTH__)?__SIGNATURE_REGION_LENGTH__:0x400
                0x0000000000000400                __USER_SIGNATURE_REGION_LENGTH__ = DEFINED (__USER_SIGNATURE_REGION_LENGTH__)?__USER_SIGNATURE_REGION_LENGTH__:0x400

.hash
 *(.hash)

.dynsym
 *(.dynsym)

.dynstr
 *(.dynstr)

.gnu.version
 *(.gnu.version)

.gnu.version_d
 *(.gnu.version_d)

.gnu.version_r
 *(.gnu.version_r)

.rel.init
 *(.rel.init)

.rela.init
 *(.rela.init)

.rel.text
 *(.rel.text)
 *(.rel.text.*)
 *(.rel.gnu.linkonce.t*)

.rela.text
 *(.rela.text)
 *(.rela.text.*)
 *(.rela.gnu.linkonce.t*)

.rel.fini
 *(.rel.fini)

.rela.fini
 *(.rela.fini)

.rel.rodata
 *(.rel.rodata)
 *(.rel.rodata.*)
 *(.rel.gnu.linkonce.r*)

.rela.rodata
 *(.rela.rodata)
 *(.rela.rodata.*)
 *(.rela.gnu.linkonce.r*)

.rel.data
 *(.rel.data)
 *(.rel.data.*)
 *(.rel.gnu.linkonce.d*)

.rela.data
 *(.rela.data)
 *(.rela.data.*)
 *(.rela.gnu.linkonce.d*)

.rel.ctors
 *(.rel.ctors)

.rela.ctors
 *(.rela.ctors)

.rel.dtors
 *(.rel.dtors)

.rela.dtors
 *(.rela.dtors)

.rel.got
 *(.rel.got)

.rela.got
 *(.rela.got)

.rel.bss
 *(.rel.bss)

.rela.bss
 *(.rela.bss)

.rel.plt
 *(.rel.plt)

.rela.plt
 *(.rela.plt)

.text           0x0000000000000000      0xaac
 *(.vectors)
 .vectors       0x0000000000000000       0x68 e:/softwares_programacao/eclipse/avr_gcc/avr-gcc-9.2.0-x64-mingw/bin/../lib/gcc/avr/9.2.0/../../../../avr/lib/avr5/crtatmega328p.o
                0x0000000000000000                __vector_default
                0x0000000000000000                __vectors
 *(.vectors)
 *(.progmem.gcc*)
                0x0000000000000068                . = ALIGN (0x2)
                0x0000000000000068                __trampolines_start = .
 *(.trampolines)
 .trampolines   0x0000000000000068        0x0 linker stubs
 *(.trampolines*)
                0x0000000000000068                __trampolines_end = .
 *libprintf_flt.a:*(.progmem.data)
 *libc.a:*(.progmem.data)
 *(.progmem.*)
                0x0000000000000068                . = ALIGN (0x2)
 *(.lowtext)
 *(.lowtext*)
                0x0000000000000068                __ctors_start = .
 *(.ctors)
                0x0000000000000068                __ctors_end = .
                0x0000000000000068                __dtors_start = .
 *(.dtors)
                0x0000000000000068                __dtors_end = .
 SORT_BY_NAME(*)(.ctors)
 SORT_BY_NAME(*)(.dtors)
 *(.init0)
 .init0         0x0000000000000068        0x0 e:/softwares_programacao/eclipse/avr_gcc/avr-gcc-9.2.0-x64-mingw/bin/../lib/gcc/avr/9.2.0/../../../../avr/lib/avr5/crtatmega328p.o
                0x0000000000000068                __init
 *(.init0)
 *(.init1)
 *(.init1)
 *(.init2)
 .init2         0x0000000000000068        0xc e:/softwares_programacao/eclipse/avr_gcc/avr-gcc-9.2.0-x64-mingw/bin/../lib/gcc/avr/9.2.0/../../../../avr/lib/avr5/crtatmega328p.o
 *(.init2)
 *(.init3)
 *(.init3)
 *(.init4)
 .init4         0x0000000000000074       0x16 e:/softwares_programacao/eclipse/avr_gcc/avr-gcc-9.2.0-x64-mingw/bin/../lib/gcc/avr/9.2.0/avr5\libgcc.a(_copy_data.o)
                0x0000000000000074                __do_copy_data
 .init4         0x000000000000008a       0x10 e:/softwares_programacao/eclipse/avr_gcc/avr-gcc-9.2.0-x64-mingw/bin/../lib/gcc/avr/9.2.0/avr5\libgcc.a(_clear_bss.o)
                0x000000000000008a                __do_clear_bss
 *(.init4)
 *(.init5)
 *(.init5)
 *(.init6)
 *(.init6)
 *(.init7)
 *(.init7)
 *(.init8)
 *(.init8)
 *(.init9)
 .init9         0x000000000000009a        0x8 e:/softwares_programacao/eclipse/avr_gcc/avr-gcc-9.2.0-x64-mingw/bin/../lib/gcc/avr/9.2.0/../../../../avr/lib/avr5/crtatmega328p.o
 *(.init9)
 *(.text)
 .text          0x00000000000000a2        0x4 e:/softwares_programacao/eclipse/avr_gcc/avr-gcc-9.2.0-x64-mingw/bin/../lib/gcc/avr/9.2.0/../../../../avr/lib/avr5/crtatmega328p.o
                0x00000000000000a2                __vector_22
                0x00000000000000a2                __vector_1
                0x00000000000000a2                __vector_12
                0x00000000000000a2                __bad_interrupt
                0x00000000000000a2                __vector_6
                0x00000000000000a2                __vector_3
                0x00000000000000a2                __vector_23
                0x00000000000000a2                __vector_25
                0x00000000000000a2                __vector_11
                0x00000000000000a2                __vector_13
                0x00000000000000a2                __vector_17
                0x00000000000000a2                __vector_19
                0x00000000000000a2                __vector_7
                0x00000000000000a2                __vector_5
                0x00000000000000a2                __vector_4
                0x00000000000000a2                __vector_9
                0x00000000000000a2                __vector_2
                0x00000000000000a2                __vector_21
                0x00000000000000a2                __vector_15
                0x00000000000000a2                __vector_8
                0x00000000000000a2                __vector_14
                0x00000000000000a2                __vector_10
                0x00000000000000a2                __vector_16
                0x00000000000000a2                __vector_18
                0x00000000000000a2                __vector_20
 .text          0x00000000000000a6        0x0 ./src/adc_battery.o
 .text          0x00000000000000a6        0x0 ./src/avr_spi.o
 .text          0x00000000000000a6        0x0 ./src/avr_usart.o
 .text          0x00000000000000a6        0x0 ./src/main.o
 .text          0x00000000000000a6        0x0 ./src/motor.o
 .text          0x00000000000000a6        0x0 ./lib/avr_twi_master.o
 .text          0x00000000000000a6        0x0 e:/softwares_programacao/eclipse/avr_gcc/avr-gcc-9.2.0-x64-mingw/bin/../lib/gcc/avr/9.2.0/avr5\libgcc.a(_exit.o)
 .text          0x00000000000000a6        0x0 e:/softwares_programacao/eclipse/avr_gcc/avr-gcc-9.2.0-x64-mingw/bin/../lib/gcc/avr/9.2.0/avr5\libgcc.a(_copy_data.o)
 .text          0x00000000000000a6        0x0 e:/softwares_programacao/eclipse/avr_gcc/avr-gcc-9.2.0-x64-mingw/bin/../lib/gcc/avr/9.2.0/avr5\libgcc.a(_clear_bss.o)
 .text          0x00000000000000a6        0x0 e:/softwares_programacao/eclipse/avr_gcc/avr-gcc-9.2.0-x64-mingw/bin/../lib/gcc/avr/9.2.0/../../../../avr/lib/avr5\libm.a(cmpsf2.o)
 .text          0x00000000000000a6        0x0 e:/softwares_programacao/eclipse/avr_gcc/avr-gcc-9.2.0-x64-mingw/bin/../lib/gcc/avr/9.2.0/../../../../avr/lib/avr5\libm.a(fixunssfsi.o)
 .text          0x00000000000000a6        0x0 e:/softwares_programacao/eclipse/avr_gcc/avr-gcc-9.2.0-x64-mingw/bin/../lib/gcc/avr/9.2.0/../../../../avr/lib/avr5\libm.a(fp_cmp.o)
 .text          0x00000000000000a6        0x0 e:/softwares_programacao/eclipse/avr_gcc/avr-gcc-9.2.0-x64-mingw/bin/../lib/gcc/avr/9.2.0/../../../../avr/lib/avr5\libm.a(fp_split3.o)
 .text          0x00000000000000a6        0x0 e:/softwares_programacao/eclipse/avr_gcc/avr-gcc-9.2.0-x64-mingw/bin/../lib/gcc/avr/9.2.0/../../../../avr/lib/avr5\libm.a(fp_zero.o)
 .text          0x00000000000000a6        0x0 e:/softwares_programacao/eclipse/avr_gcc/avr-gcc-9.2.0-x64-mingw/bin/../lib/gcc/avr/9.2.0/../../../../avr/lib/avr5\libm.a(gesf2.o)
 .text          0x00000000000000a6        0x0 e:/softwares_programacao/eclipse/avr_gcc/avr-gcc-9.2.0-x64-mingw/bin/../lib/gcc/avr/9.2.0/../../../../avr/lib/avr5\libm.a(mulsf3.o)
 .text          0x00000000000000a6        0x0 e:/softwares_programacao/eclipse/avr_gcc/avr-gcc-9.2.0-x64-mingw/bin/../lib/gcc/avr/9.2.0/../../../../avr/lib/avr5\libm.a(mulsf3x.o)
 .text          0x00000000000000a6        0x0 e:/softwares_programacao/eclipse/avr_gcc/avr-gcc-9.2.0-x64-mingw/bin/../lib/gcc/avr/9.2.0/../../../../avr/lib/avr5\libm.a(fp_inf.o)
 .text          0x00000000000000a6        0x0 e:/softwares_programacao/eclipse/avr_gcc/avr-gcc-9.2.0-x64-mingw/bin/../lib/gcc/avr/9.2.0/../../../../avr/lib/avr5\libm.a(fp_nan.o)
 .text          0x00000000000000a6        0x0 e:/softwares_programacao/eclipse/avr_gcc/avr-gcc-9.2.0-x64-mingw/bin/../lib/gcc/avr/9.2.0/../../../../avr/lib/avr5\libm.a(fp_pscA.o)
 .text          0x00000000000000a6        0x0 e:/softwares_programacao/eclipse/avr_gcc/avr-gcc-9.2.0-x64-mingw/bin/../lib/gcc/avr/9.2.0/../../../../avr/lib/avr5\libm.a(fp_pscB.o)
 .text          0x00000000000000a6        0x0 e:/softwares_programacao/eclipse/avr_gcc/avr-gcc-9.2.0-x64-mingw/bin/../lib/gcc/avr/9.2.0/../../../../avr/lib/avr5\libm.a(fp_round.o)
 .text          0x00000000000000a6        0x0 e:/softwares_programacao/eclipse/avr_gcc/avr-gcc-9.2.0-x64-mingw/bin/../lib/gcc/avr/9.2.0/../../../../avr/lib/avr5\libc.a(fwrite.o)
 .text          0x00000000000000a6        0x0 e:/softwares_programacao/eclipse/avr_gcc/avr-gcc-9.2.0-x64-mingw/bin/../lib/gcc/avr/9.2.0/avr5\libgcc.a(_prologue.o)
 .text          0x00000000000000a6        0x0 e:/softwares_programacao/eclipse/avr_gcc/avr-gcc-9.2.0-x64-mingw/bin/../lib/gcc/avr/9.2.0/avr5\libgcc.a(_epilogue.o)
                0x00000000000000a6                . = ALIGN (0x2)
 *(.text.*)
 .text.adc_init
                0x00000000000000a6       0x32 ./src/adc_battery.o
                0x00000000000000a6                adc_init
 .text.SPI_MasterInit
                0x00000000000000d8       0x24 ./src/avr_spi.o
                0x00000000000000d8                SPI_MasterInit
 .text.SPI_Transmit
                0x00000000000000fc       0x3a ./src/avr_spi.o
                0x00000000000000fc                SPI_Transmit
 .text.SPI_SlaveReceive
                0x0000000000000136       0x1a ./src/avr_spi.o
                0x0000000000000136                SPI_SlaveReceive
 .text.get_usart_stream
                0x0000000000000150       0x12 ./src/avr_usart.o
                0x0000000000000150                get_usart_stream
 .text.USART_Init
                0x0000000000000162       0x50 ./src/avr_usart.o
                0x0000000000000162                USART_Init
 .text.USART_tx
                0x00000000000001b2       0x36 ./src/avr_usart.o
                0x00000000000001b2                USART_tx
 .text.USART_rx
                0x00000000000001e8       0x24 ./src/avr_usart.o
                0x00000000000001e8                USART_rx
 .text.usart_putchar
                0x000000000000020c       0x28 ./src/avr_usart.o
 .text.main     0x0000000000000234      0x162 ./src/main.o
                0x0000000000000234                main
 .text.set_dutty
                0x0000000000000396       0x46 ./src/motor.o
                0x0000000000000396                set_dutty
 .text.timer0_pwm_hardware_init
                0x00000000000003dc       0x4a ./src/motor.o
                0x00000000000003dc                timer0_pwm_hardware_init
 .text.timer2_pwm_hardware_init
                0x0000000000000426       0x4a ./src/motor.o
                0x0000000000000426                timer2_pwm_hardware_init
 .text.TWI_Master_Initialise
                0x0000000000000470       0x2e ./lib/avr_twi_master.o
                0x0000000000000470                TWI_Master_Initialise
 .text.TWI_Transceiver_Busy
                0x000000000000049e       0x18 ./lib/avr_twi_master.o
                0x000000000000049e                TWI_Transceiver_Busy
 .text.TWI_Get_State_Info
                0x00000000000004b6       0x1c ./lib/avr_twi_master.o
                0x00000000000004b6                TWI_Get_State_Info
 .text.TWI_Start_Transceiver_With_Data
                0x00000000000004d2       0x9a ./lib/avr_twi_master.o
                0x00000000000004d2                TWI_Start_Transceiver_With_Data
 .text.TWI_Start_Transceiver
                0x000000000000056c       0x2e ./lib/avr_twi_master.o
                0x000000000000056c                TWI_Start_Transceiver
 .text.TWI_Get_Data_From_Transceiver
                0x000000000000059a       0x6c ./lib/avr_twi_master.o
                0x000000000000059a                TWI_Get_Data_From_Transceiver
 .text.__vector_24
                0x0000000000000606      0x1a2 ./lib/avr_twi_master.o
                0x0000000000000606                __vector_24
 .text.libgcc.mul
                0x00000000000007a8        0x0 e:/softwares_programacao/eclipse/avr_gcc/avr-gcc-9.2.0-x64-mingw/bin/../lib/gcc/avr/9.2.0/avr5\libgcc.a(_exit.o)
 .text.libgcc.div
                0x00000000000007a8        0x0 e:/softwares_programacao/eclipse/avr_gcc/avr-gcc-9.2.0-x64-mingw/bin/../lib/gcc/avr/9.2.0/avr5\libgcc.a(_exit.o)
 .text.libgcc   0x00000000000007a8        0x0 e:/softwares_programacao/eclipse/avr_gcc/avr-gcc-9.2.0-x64-mingw/bin/../lib/gcc/avr/9.2.0/avr5\libgcc.a(_exit.o)
 .text.libgcc.prologue
                0x00000000000007a8        0x0 e:/softwares_programacao/eclipse/avr_gcc/avr-gcc-9.2.0-x64-mingw/bin/../lib/gcc/avr/9.2.0/avr5\libgcc.a(_exit.o)
 .text.libgcc.builtins
                0x00000000000007a8        0x0 e:/softwares_programacao/eclipse/avr_gcc/avr-gcc-9.2.0-x64-mingw/bin/../lib/gcc/avr/9.2.0/avr5\libgcc.a(_exit.o)
 .text.libgcc.fmul
                0x00000000000007a8        0x0 e:/softwares_programacao/eclipse/avr_gcc/avr-gcc-9.2.0-x64-mingw/bin/../lib/gcc/avr/9.2.0/avr5\libgcc.a(_exit.o)
 .text.libgcc.fixed
                0x00000000000007a8        0x0 e:/softwares_programacao/eclipse/avr_gcc/avr-gcc-9.2.0-x64-mingw/bin/../lib/gcc/avr/9.2.0/avr5\libgcc.a(_exit.o)
 .text.libgcc.mul
                0x00000000000007a8        0x0 e:/softwares_programacao/eclipse/avr_gcc/avr-gcc-9.2.0-x64-mingw/bin/../lib/gcc/avr/9.2.0/avr5\libgcc.a(_copy_data.o)
 .text.libgcc.div
                0x00000000000007a8        0x0 e:/softwares_programacao/eclipse/avr_gcc/avr-gcc-9.2.0-x64-mingw/bin/../lib/gcc/avr/9.2.0/avr5\libgcc.a(_copy_data.o)
 .text.libgcc   0x00000000000007a8        0x0 e:/softwares_programacao/eclipse/avr_gcc/avr-gcc-9.2.0-x64-mingw/bin/../lib/gcc/avr/9.2.0/avr5\libgcc.a(_copy_data.o)
 .text.libgcc.prologue
                0x00000000000007a8        0x0 e:/softwares_programacao/eclipse/avr_gcc/avr-gcc-9.2.0-x64-mingw/bin/../lib/gcc/avr/9.2.0/avr5\libgcc.a(_copy_data.o)
 .text.libgcc.builtins
                0x00000000000007a8        0x0 e:/softwares_programacao/eclipse/avr_gcc/avr-gcc-9.2.0-x64-mingw/bin/../lib/gcc/avr/9.2.0/avr5\libgcc.a(_copy_data.o)
 .text.libgcc.fmul
                0x00000000000007a8        0x0 e:/softwares_programacao/eclipse/avr_gcc/avr-gcc-9.2.0-x64-mingw/bin/../lib/gcc/avr/9.2.0/avr5\libgcc.a(_copy_data.o)
 .text.libgcc.fixed
                0x00000000000007a8        0x0 e:/softwares_programacao/eclipse/avr_gcc/avr-gcc-9.2.0-x64-mingw/bin/../lib/gcc/avr/9.2.0/avr5\libgcc.a(_copy_data.o)
 .text.libgcc.mul
                0x00000000000007a8        0x0 e:/softwares_programacao/eclipse/avr_gcc/avr-gcc-9.2.0-x64-mingw/bin/../lib/gcc/avr/9.2.0/avr5\libgcc.a(_clear_bss.o)
 .text.libgcc.div
                0x00000000000007a8        0x0 e:/softwares_programacao/eclipse/avr_gcc/avr-gcc-9.2.0-x64-mingw/bin/../lib/gcc/avr/9.2.0/avr5\libgcc.a(_clear_bss.o)
 .text.libgcc   0x00000000000007a8        0x0 e:/softwares_programacao/eclipse/avr_gcc/avr-gcc-9.2.0-x64-mingw/bin/../lib/gcc/avr/9.2.0/avr5\libgcc.a(_clear_bss.o)
 .text.libgcc.prologue
                0x00000000000007a8        0x0 e:/softwares_programacao/eclipse/avr_gcc/avr-gcc-9.2.0-x64-mingw/bin/../lib/gcc/avr/9.2.0/avr5\libgcc.a(_clear_bss.o)
 .text.libgcc.builtins
                0x00000000000007a8        0x0 e:/softwares_programacao/eclipse/avr_gcc/avr-gcc-9.2.0-x64-mingw/bin/../lib/gcc/avr/9.2.0/avr5\libgcc.a(_clear_bss.o)
 .text.libgcc.fmul
                0x00000000000007a8        0x0 e:/softwares_programacao/eclipse/avr_gcc/avr-gcc-9.2.0-x64-mingw/bin/../lib/gcc/avr/9.2.0/avr5\libgcc.a(_clear_bss.o)
 .text.libgcc.fixed
                0x00000000000007a8        0x0 e:/softwares_programacao/eclipse/avr_gcc/avr-gcc-9.2.0-x64-mingw/bin/../lib/gcc/avr/9.2.0/avr5\libgcc.a(_clear_bss.o)
 .text.avr-libc.fplib
                0x00000000000007a8        0xa e:/softwares_programacao/eclipse/avr_gcc/avr-gcc-9.2.0-x64-mingw/bin/../lib/gcc/avr/9.2.0/../../../../avr/lib/avr5\libm.a(cmpsf2.o)
                0x00000000000007a8                __nesf2
                0x00000000000007a8                __eqsf2
                0x00000000000007a8                __cmpsf2
                0x00000000000007a8                __ltsf2
                0x00000000000007a8                __lesf2
 .text.avr-libc.fplib
                0x00000000000007b2       0x5e e:/softwares_programacao/eclipse/avr_gcc/avr-gcc-9.2.0-x64-mingw/bin/../lib/gcc/avr/9.2.0/../../../../avr/lib/avr5\libm.a(fixunssfsi.o)
                0x00000000000007b2                __fixunssfsi
 .text.avr-libc.fplib
                0x0000000000000810       0x48 e:/softwares_programacao/eclipse/avr_gcc/avr-gcc-9.2.0-x64-mingw/bin/../lib/gcc/avr/9.2.0/../../../../avr/lib/avr5\libm.a(fp_cmp.o)
                0x0000000000000810                __fp_cmp
 .text.avr-libc.fplib
                0x0000000000000858       0x44 e:/softwares_programacao/eclipse/avr_gcc/avr-gcc-9.2.0-x64-mingw/bin/../lib/gcc/avr/9.2.0/../../../../avr/lib/avr5\libm.a(fp_split3.o)
                0x0000000000000858                __fp_split3
                0x0000000000000868                __fp_splitA
 .text.avr-libc.fplib
                0x000000000000089c        0xe e:/softwares_programacao/eclipse/avr_gcc/avr-gcc-9.2.0-x64-mingw/bin/../lib/gcc/avr/9.2.0/../../../../avr/lib/avr5\libm.a(fp_zero.o)
                0x000000000000089c                __fp_zero
                0x000000000000089e                __fp_szero
 .text.avr-libc.fplib
                0x00000000000008aa        0xa e:/softwares_programacao/eclipse/avr_gcc/avr-gcc-9.2.0-x64-mingw/bin/../lib/gcc/avr/9.2.0/../../../../avr/lib/avr5\libm.a(gesf2.o)
                0x00000000000008aa                __gesf2
                0x00000000000008aa                __gtsf2
 .text.avr-libc.fplib
                0x00000000000008b4        0x8 e:/softwares_programacao/eclipse/avr_gcc/avr-gcc-9.2.0-x64-mingw/bin/../lib/gcc/avr/9.2.0/../../../../avr/lib/avr5\libm.a(mulsf3.o)
                0x00000000000008b4                __mulsf3
 .text.avr-libc.fplib
                0x00000000000008bc       0xd2 e:/softwares_programacao/eclipse/avr_gcc/avr-gcc-9.2.0-x64-mingw/bin/../lib/gcc/avr/9.2.0/../../../../avr/lib/avr5\libm.a(mulsf3x.o)
                0x00000000000008da                __mulsf3x
                0x00000000000008e0                __mulsf3_pse
 .text.avr-libc.fplib
                0x000000000000098e        0xc e:/softwares_programacao/eclipse/avr_gcc/avr-gcc-9.2.0-x64-mingw/bin/../lib/gcc/avr/9.2.0/../../../../avr/lib/avr5\libm.a(fp_inf.o)
                0x000000000000098e                __fp_inf
 .text.avr-libc.fplib
                0x000000000000099a        0x6 e:/softwares_programacao/eclipse/avr_gcc/avr-gcc-9.2.0-x64-mingw/bin/../lib/gcc/avr/9.2.0/../../../../avr/lib/avr5\libm.a(fp_nan.o)
                0x000000000000099a                __fp_nan
 .text.avr-libc.fplib
                0x00000000000009a0        0xe e:/softwares_programacao/eclipse/avr_gcc/avr-gcc-9.2.0-x64-mingw/bin/../lib/gcc/avr/9.2.0/../../../../avr/lib/avr5\libm.a(fp_pscA.o)
                0x00000000000009a0                __fp_pscA
 .text.avr-libc.fplib
                0x00000000000009ae        0xe e:/softwares_programacao/eclipse/avr_gcc/avr-gcc-9.2.0-x64-mingw/bin/../lib/gcc/avr/9.2.0/../../../../avr/lib/avr5\libm.a(fp_pscB.o)
                0x00000000000009ae                __fp_pscB
 .text.avr-libc.fplib
                0x00000000000009bc       0x22 e:/softwares_programacao/eclipse/avr_gcc/avr-gcc-9.2.0-x64-mingw/bin/../lib/gcc/avr/9.2.0/../../../../avr/lib/avr5\libm.a(fp_round.o)
                0x00000000000009bc                __fp_round
 .text.avr-libc
                0x00000000000009de       0x5c e:/softwares_programacao/eclipse/avr_gcc/avr-gcc-9.2.0-x64-mingw/bin/../lib/gcc/avr/9.2.0/../../../../avr/lib/avr5\libc.a(fwrite.o)
                0x00000000000009de                fwrite
 .text.libgcc.mul
                0x0000000000000a3a        0x0 e:/softwares_programacao/eclipse/avr_gcc/avr-gcc-9.2.0-x64-mingw/bin/../lib/gcc/avr/9.2.0/avr5\libgcc.a(_prologue.o)
 .text.libgcc.div
                0x0000000000000a3a        0x0 e:/softwares_programacao/eclipse/avr_gcc/avr-gcc-9.2.0-x64-mingw/bin/../lib/gcc/avr/9.2.0/avr5\libgcc.a(_prologue.o)
 .text.libgcc   0x0000000000000a3a        0x0 e:/softwares_programacao/eclipse/avr_gcc/avr-gcc-9.2.0-x64-mingw/bin/../lib/gcc/avr/9.2.0/avr5\libgcc.a(_prologue.o)
 .text.libgcc.prologue
                0x0000000000000a3a       0x38 e:/softwares_programacao/eclipse/avr_gcc/avr-gcc-9.2.0-x64-mingw/bin/../lib/gcc/avr/9.2.0/avr5\libgcc.a(_prologue.o)
                0x0000000000000a3a                __prologue_saves__
 .text.libgcc.builtins
                0x0000000000000a72        0x0 e:/softwares_programacao/eclipse/avr_gcc/avr-gcc-9.2.0-x64-mingw/bin/../lib/gcc/avr/9.2.0/avr5\libgcc.a(_prologue.o)
 .text.libgcc.fmul
                0x0000000000000a72        0x0 e:/softwares_programacao/eclipse/avr_gcc/avr-gcc-9.2.0-x64-mingw/bin/../lib/gcc/avr/9.2.0/avr5\libgcc.a(_prologue.o)
 .text.libgcc.fixed
                0x0000000000000a72        0x0 e:/softwares_programacao/eclipse/avr_gcc/avr-gcc-9.2.0-x64-mingw/bin/../lib/gcc/avr/9.2.0/avr5\libgcc.a(_prologue.o)
 .text.libgcc.mul
                0x0000000000000a72        0x0 e:/softwares_programacao/eclipse/avr_gcc/avr-gcc-9.2.0-x64-mingw/bin/../lib/gcc/avr/9.2.0/avr5\libgcc.a(_epilogue.o)
 .text.libgcc.div
                0x0000000000000a72        0x0 e:/softwares_programacao/eclipse/avr_gcc/avr-gcc-9.2.0-x64-mingw/bin/../lib/gcc/avr/9.2.0/avr5\libgcc.a(_epilogue.o)
 .text.libgcc   0x0000000000000a72        0x0 e:/softwares_programacao/eclipse/avr_gcc/avr-gcc-9.2.0-x64-mingw/bin/../lib/gcc/avr/9.2.0/avr5\libgcc.a(_epilogue.o)
 .text.libgcc.prologue
                0x0000000000000a72       0x36 e:/softwares_programacao/eclipse/avr_gcc/avr-gcc-9.2.0-x64-mingw/bin/../lib/gcc/avr/9.2.0/avr5\libgcc.a(_epilogue.o)
                0x0000000000000a72                __epilogue_restores__
 .text.libgcc.builtins
                0x0000000000000aa8        0x0 e:/softwares_programacao/eclipse/avr_gcc/avr-gcc-9.2.0-x64-mingw/bin/../lib/gcc/avr/9.2.0/avr5\libgcc.a(_epilogue.o)
 .text.libgcc.fmul
                0x0000000000000aa8        0x0 e:/softwares_programacao/eclipse/avr_gcc/avr-gcc-9.2.0-x64-mingw/bin/../lib/gcc/avr/9.2.0/avr5\libgcc.a(_epilogue.o)
 .text.libgcc.fixed
                0x0000000000000aa8        0x0 e:/softwares_programacao/eclipse/avr_gcc/avr-gcc-9.2.0-x64-mingw/bin/../lib/gcc/avr/9.2.0/avr5\libgcc.a(_epilogue.o)
                0x0000000000000aa8                . = ALIGN (0x2)
 *(.fini9)
 .fini9         0x0000000000000aa8        0x0 e:/softwares_programacao/eclipse/avr_gcc/avr-gcc-9.2.0-x64-mingw/bin/../lib/gcc/avr/9.2.0/avr5\libgcc.a(_exit.o)
                0x0000000000000aa8                _exit
                0x0000000000000aa8                exit
 *(.fini9)
 *(.fini8)
 *(.fini8)
 *(.fini7)
 *(.fini7)
 *(.fini6)
 *(.fini6)
 *(.fini5)
 *(.fini5)
 *(.fini4)
 *(.fini4)
 *(.fini3)
 *(.fini3)
 *(.fini2)
 *(.fini2)
 *(.fini1)
 *(.fini1)
 *(.fini0)
 .fini0         0x0000000000000aa8        0x4 e:/softwares_programacao/eclipse/avr_gcc/avr-gcc-9.2.0-x64-mingw/bin/../lib/gcc/avr/9.2.0/avr5\libgcc.a(_exit.o)
 *(.fini0)
 *(.hightext)
 *(.hightext*)
 *(.progmemx.*)
                0x0000000000000aac                . = ALIGN (0x2)
 *(.jumptables)
 *(.jumptables*)
                0x0000000000000aac                _etext = .

.data           0x0000000000800100       0x20 load address 0x0000000000000aac
                0x0000000000800100                PROVIDE (__data_start = .)
 *(.data)
 .data          0x0000000000800100        0x0 e:/softwares_programacao/eclipse/avr_gcc/avr-gcc-9.2.0-x64-mingw/bin/../lib/gcc/avr/9.2.0/../../../../avr/lib/avr5/crtatmega328p.o
 .data          0x0000000000800100        0x0 ./src/adc_battery.o
 .data          0x0000000000800100        0x0 ./src/avr_spi.o
 .data          0x0000000000800100        0x0 ./src/avr_usart.o
 .data          0x0000000000800100        0x0 ./src/main.o
 .data          0x0000000000800100        0x0 ./src/motor.o
 .data          0x0000000000800100        0x0 ./lib/avr_twi_master.o
 .data          0x0000000000800100        0x0 e:/softwares_programacao/eclipse/avr_gcc/avr-gcc-9.2.0-x64-mingw/bin/../lib/gcc/avr/9.2.0/avr5\libgcc.a(_exit.o)
 .data          0x0000000000800100        0x0 e:/softwares_programacao/eclipse/avr_gcc/avr-gcc-9.2.0-x64-mingw/bin/../lib/gcc/avr/9.2.0/avr5\libgcc.a(_copy_data.o)
 .data          0x0000000000800100        0x0 e:/softwares_programacao/eclipse/avr_gcc/avr-gcc-9.2.0-x64-mingw/bin/../lib/gcc/avr/9.2.0/avr5\libgcc.a(_clear_bss.o)
 .data          0x0000000000800100        0x0 e:/softwares_programacao/eclipse/avr_gcc/avr-gcc-9.2.0-x64-mingw/bin/../lib/gcc/avr/9.2.0/../../../../avr/lib/avr5\libm.a(cmpsf2.o)
 .data          0x0000000000800100        0x0 e:/softwares_programacao/eclipse/avr_gcc/avr-gcc-9.2.0-x64-mingw/bin/../lib/gcc/avr/9.2.0/../../../../avr/lib/avr5\libm.a(fixunssfsi.o)
 .data          0x0000000000800100        0x0 e:/softwares_programacao/eclipse/avr_gcc/avr-gcc-9.2.0-x64-mingw/bin/../lib/gcc/avr/9.2.0/../../../../avr/lib/avr5\libm.a(fp_cmp.o)
 .data          0x0000000000800100        0x0 e:/softwares_programacao/eclipse/avr_gcc/avr-gcc-9.2.0-x64-mingw/bin/../lib/gcc/avr/9.2.0/../../../../avr/lib/avr5\libm.a(fp_split3.o)
 .data          0x0000000000800100        0x0 e:/softwares_programacao/eclipse/avr_gcc/avr-gcc-9.2.0-x64-mingw/bin/../lib/gcc/avr/9.2.0/../../../../avr/lib/avr5\libm.a(fp_zero.o)
 .data          0x0000000000800100        0x0 e:/softwares_programacao/eclipse/avr_gcc/avr-gcc-9.2.0-x64-mingw/bin/../lib/gcc/avr/9.2.0/../../../../avr/lib/avr5\libm.a(gesf2.o)
 .data          0x0000000000800100        0x0 e:/softwares_programacao/eclipse/avr_gcc/avr-gcc-9.2.0-x64-mingw/bin/../lib/gcc/avr/9.2.0/../../../../avr/lib/avr5\libm.a(mulsf3.o)
 .data          0x0000000000800100        0x0 e:/softwares_programacao/eclipse/avr_gcc/avr-gcc-9.2.0-x64-mingw/bin/../lib/gcc/avr/9.2.0/../../../../avr/lib/avr5\libm.a(mulsf3x.o)
 .data          0x0000000000800100        0x0 e:/softwares_programacao/eclipse/avr_gcc/avr-gcc-9.2.0-x64-mingw/bin/../lib/gcc/avr/9.2.0/../../../../avr/lib/avr5\libm.a(fp_inf.o)
 .data          0x0000000000800100        0x0 e:/softwares_programacao/eclipse/avr_gcc/avr-gcc-9.2.0-x64-mingw/bin/../lib/gcc/avr/9.2.0/../../../../avr/lib/avr5\libm.a(fp_nan.o)
 .data          0x0000000000800100        0x0 e:/softwares_programacao/eclipse/avr_gcc/avr-gcc-9.2.0-x64-mingw/bin/../lib/gcc/avr/9.2.0/../../../../avr/lib/avr5\libm.a(fp_pscA.o)
 .data          0x0000000000800100        0x0 e:/softwares_programacao/eclipse/avr_gcc/avr-gcc-9.2.0-x64-mingw/bin/../lib/gcc/avr/9.2.0/../../../../avr/lib/avr5\libm.a(fp_pscB.o)
 .data          0x0000000000800100        0x0 e:/softwares_programacao/eclipse/avr_gcc/avr-gcc-9.2.0-x64-mingw/bin/../lib/gcc/avr/9.2.0/../../../../avr/lib/avr5\libm.a(fp_round.o)
 .data          0x0000000000800100        0x0 e:/softwares_programacao/eclipse/avr_gcc/avr-gcc-9.2.0-x64-mingw/bin/../lib/gcc/avr/9.2.0/../../../../avr/lib/avr5\libc.a(fwrite.o)
 .data          0x0000000000800100        0x0 e:/softwares_programacao/eclipse/avr_gcc/avr-gcc-9.2.0-x64-mingw/bin/../lib/gcc/avr/9.2.0/avr5\libgcc.a(_prologue.o)
 .data          0x0000000000800100        0x0 e:/softwares_programacao/eclipse/avr_gcc/avr-gcc-9.2.0-x64-mingw/bin/../lib/gcc/avr/9.2.0/avr5\libgcc.a(_epilogue.o)
 *(.data*)
 .data.usart_str
                0x0000000000800100        0xe ./src/avr_usart.o
                0x0000000000800100                usart_str
 .data.TWI_state
                0x000000000080010e        0x1 ./lib/avr_twi_master.o
 *(.gnu.linkonce.d*)
 *(.rodata)
 .rodata        0x000000000080010f       0x10 ./src/main.o
 *(.rodata*)
 *(.gnu.linkonce.r*)
                0x0000000000800120                . = ALIGN (0x2)
 *fill*         0x000000000080011f        0x1 
                0x0000000000800120                _edata = .
                0x0000000000800120                PROVIDE (__data_end = .)

.bss            0x0000000000800120        0x9
                0x0000000000800120                PROVIDE (__bss_start = .)
 *(.bss)
 .bss           0x0000000000800120        0x0 e:/softwares_programacao/eclipse/avr_gcc/avr-gcc-9.2.0-x64-mingw/bin/../lib/gcc/avr/9.2.0/../../../../avr/lib/avr5/crtatmega328p.o
 .bss           0x0000000000800120        0x0 ./src/adc_battery.o
 .bss           0x0000000000800120        0x0 ./src/avr_spi.o
 .bss           0x0000000000800120        0x0 ./src/avr_usart.o
 .bss           0x0000000000800120        0x0 ./src/main.o
 .bss           0x0000000000800120        0x0 ./src/motor.o
 .bss           0x0000000000800120        0x0 ./lib/avr_twi_master.o
 .bss           0x0000000000800120        0x0 e:/softwares_programacao/eclipse/avr_gcc/avr-gcc-9.2.0-x64-mingw/bin/../lib/gcc/avr/9.2.0/avr5\libgcc.a(_exit.o)
 .bss           0x0000000000800120        0x0 e:/softwares_programacao/eclipse/avr_gcc/avr-gcc-9.2.0-x64-mingw/bin/../lib/gcc/avr/9.2.0/avr5\libgcc.a(_copy_data.o)
 .bss           0x0000000000800120        0x0 e:/softwares_programacao/eclipse/avr_gcc/avr-gcc-9.2.0-x64-mingw/bin/../lib/gcc/avr/9.2.0/avr5\libgcc.a(_clear_bss.o)
 .bss           0x0000000000800120        0x0 e:/softwares_programacao/eclipse/avr_gcc/avr-gcc-9.2.0-x64-mingw/bin/../lib/gcc/avr/9.2.0/../../../../avr/lib/avr5\libm.a(cmpsf2.o)
 .bss           0x0000000000800120        0x0 e:/softwares_programacao/eclipse/avr_gcc/avr-gcc-9.2.0-x64-mingw/bin/../lib/gcc/avr/9.2.0/../../../../avr/lib/avr5\libm.a(fixunssfsi.o)
 .bss           0x0000000000800120        0x0 e:/softwares_programacao/eclipse/avr_gcc/avr-gcc-9.2.0-x64-mingw/bin/../lib/gcc/avr/9.2.0/../../../../avr/lib/avr5\libm.a(fp_cmp.o)
 .bss           0x0000000000800120        0x0 e:/softwares_programacao/eclipse/avr_gcc/avr-gcc-9.2.0-x64-mingw/bin/../lib/gcc/avr/9.2.0/../../../../avr/lib/avr5\libm.a(fp_split3.o)
 .bss           0x0000000000800120        0x0 e:/softwares_programacao/eclipse/avr_gcc/avr-gcc-9.2.0-x64-mingw/bin/../lib/gcc/avr/9.2.0/../../../../avr/lib/avr5\libm.a(fp_zero.o)
 .bss           0x0000000000800120        0x0 e:/softwares_programacao/eclipse/avr_gcc/avr-gcc-9.2.0-x64-mingw/bin/../lib/gcc/avr/9.2.0/../../../../avr/lib/avr5\libm.a(gesf2.o)
 .bss           0x0000000000800120        0x0 e:/softwares_programacao/eclipse/avr_gcc/avr-gcc-9.2.0-x64-mingw/bin/../lib/gcc/avr/9.2.0/../../../../avr/lib/avr5\libm.a(mulsf3.o)
 .bss           0x0000000000800120        0x0 e:/softwares_programacao/eclipse/avr_gcc/avr-gcc-9.2.0-x64-mingw/bin/../lib/gcc/avr/9.2.0/../../../../avr/lib/avr5\libm.a(mulsf3x.o)
 .bss           0x0000000000800120        0x0 e:/softwares_programacao/eclipse/avr_gcc/avr-gcc-9.2.0-x64-mingw/bin/../lib/gcc/avr/9.2.0/../../../../avr/lib/avr5\libm.a(fp_inf.o)
 .bss           0x0000000000800120        0x0 e:/softwares_programacao/eclipse/avr_gcc/avr-gcc-9.2.0-x64-mingw/bin/../lib/gcc/avr/9.2.0/../../../../avr/lib/avr5\libm.a(fp_nan.o)
 .bss           0x0000000000800120        0x0 e:/softwares_programacao/eclipse/avr_gcc/avr-gcc-9.2.0-x64-mingw/bin/../lib/gcc/avr/9.2.0/../../../../avr/lib/avr5\libm.a(fp_pscA.o)
 .bss           0x0000000000800120        0x0 e:/softwares_programacao/eclipse/avr_gcc/avr-gcc-9.2.0-x64-mingw/bin/../lib/gcc/avr/9.2.0/../../../../avr/lib/avr5\libm.a(fp_pscB.o)
 .bss           0x0000000000800120        0x0 e:/softwares_programacao/eclipse/avr_gcc/avr-gcc-9.2.0-x64-mingw/bin/../lib/gcc/avr/9.2.0/../../../../avr/lib/avr5\libm.a(fp_round.o)
 .bss           0x0000000000800120        0x0 e:/softwares_programacao/eclipse/avr_gcc/avr-gcc-9.2.0-x64-mingw/bin/../lib/gcc/avr/9.2.0/../../../../avr/lib/avr5\libc.a(fwrite.o)
 .bss           0x0000000000800120        0x0 e:/softwares_programacao/eclipse/avr_gcc/avr-gcc-9.2.0-x64-mingw/bin/../lib/gcc/avr/9.2.0/avr5\libgcc.a(_prologue.o)
 .bss           0x0000000000800120        0x0 e:/softwares_programacao/eclipse/avr_gcc/avr-gcc-9.2.0-x64-mingw/bin/../lib/gcc/avr/9.2.0/avr5\libgcc.a(_epilogue.o)
 *(.bss*)
 .bss.valor_adc
                0x0000000000800120        0x2 ./src/main.o
                0x0000000000800120                valor_adc
 .bss.TWI_buf   0x0000000000800122        0x4 ./lib/avr_twi_master.o
 .bss.TWI_msgSize
                0x0000000000800126        0x1 ./lib/avr_twi_master.o
 .bss.TWI_statusReg
                0x0000000000800127        0x1 ./lib/avr_twi_master.o
                0x0000000000800127                TWI_statusReg
 .bss.TWI_bufPtr.1563
                0x0000000000800128        0x1 ./lib/avr_twi_master.o
 *(COMMON)
                0x0000000000800129                PROVIDE (__bss_end = .)
                0x0000000000000aac                __data_load_start = LOADADDR (.data)
                0x0000000000000acc                __data_load_end = (__data_load_start + SIZEOF (.data))

.noinit         0x0000000000800129        0x0
                [!provide]                        PROVIDE (__noinit_start = .)
 *(.noinit*)
                [!provide]                        PROVIDE (__noinit_end = .)
                0x0000000000800129                _end = .
                [!provide]                        PROVIDE (__heap_start = .)

.eeprom         0x0000000000810000        0x0
 *(.eeprom*)
                0x0000000000810000                __eeprom_end = .

.fuse
 *(.fuse)
 *(.lfuse)
 *(.hfuse)
 *(.efuse)

.lock
 *(.lock*)

.signature
 *(.signature*)

.stab           0x0000000000000000     0x21e4
 *(.stab)
 .stab          0x0000000000000000      0x618 ./src/adc_battery.o
 .stab          0x0000000000000618      0x414 ./src/avr_spi.o
                                        0x5e8 (size before relaxing)
 .stab          0x0000000000000a2c      0x504 ./src/avr_usart.o
                                        0x750 (size before relaxing)
 .stab          0x0000000000000f30      0x4e0 ./src/main.o
                                        0x768 (size before relaxing)
 .stab          0x0000000000001410      0x48c ./src/motor.o
                                        0x69c (size before relaxing)
 .stab          0x000000000000189c      0x948 ./lib/avr_twi_master.o
                                        0xb10 (size before relaxing)

.stabstr        0x0000000000000000     0x1c35
 *(.stabstr)
 .stabstr       0x0000000000000000     0x1c35 ./src/adc_battery.o

.stab.excl
 *(.stab.excl)

.stab.exclstr
 *(.stab.exclstr)

.stab.index
 *(.stab.index)

.stab.indexstr
 *(.stab.indexstr)

.comment        0x0000000000000000       0x11
 *(.comment)
 .comment       0x0000000000000000       0x11 ./src/adc_battery.o
                                         0x12 (size before relaxing)
 .comment       0x0000000000000011       0x12 ./src/avr_spi.o
 .comment       0x0000000000000011       0x12 ./src/avr_usart.o
 .comment       0x0000000000000011       0x12 ./src/main.o
 .comment       0x0000000000000011       0x12 ./src/motor.o
 .comment       0x0000000000000011       0x12 ./lib/avr_twi_master.o
 .comment       0x0000000000000011       0x12 e:/softwares_programacao/eclipse/avr_gcc/avr-gcc-9.2.0-x64-mingw/bin/../lib/gcc/avr/9.2.0/../../../../avr/lib/avr5\libc.a(fwrite.o)

.note.gnu.avr.deviceinfo
                0x0000000000000000       0x40
 .note.gnu.avr.deviceinfo
                0x0000000000000000       0x40 e:/softwares_programacao/eclipse/avr_gcc/avr-gcc-9.2.0-x64-mingw/bin/../lib/gcc/avr/9.2.0/../../../../avr/lib/avr5/crtatmega328p.o

.note.gnu.build-id
 *(.note.gnu.build-id)

.debug
 *(.debug)

.line
 *(.line)

.debug_srcinfo
 *(.debug_srcinfo)

.debug_sfnames
 *(.debug_sfnames)

.debug_aranges  0x0000000000000000       0xa0
 *(.debug_aranges)
 .debug_aranges
                0x0000000000000000       0x20 e:/softwares_programacao/eclipse/avr_gcc/avr-gcc-9.2.0-x64-mingw/bin/../lib/gcc/avr/9.2.0/avr5\libgcc.a(_exit.o)
 .debug_aranges
                0x0000000000000020       0x20 e:/softwares_programacao/eclipse/avr_gcc/avr-gcc-9.2.0-x64-mingw/bin/../lib/gcc/avr/9.2.0/avr5\libgcc.a(_copy_data.o)
 .debug_aranges
                0x0000000000000040       0x20 e:/softwares_programacao/eclipse/avr_gcc/avr-gcc-9.2.0-x64-mingw/bin/../lib/gcc/avr/9.2.0/avr5\libgcc.a(_clear_bss.o)
 .debug_aranges
                0x0000000000000060       0x20 e:/softwares_programacao/eclipse/avr_gcc/avr-gcc-9.2.0-x64-mingw/bin/../lib/gcc/avr/9.2.0/avr5\libgcc.a(_prologue.o)
 .debug_aranges
                0x0000000000000080       0x20 e:/softwares_programacao/eclipse/avr_gcc/avr-gcc-9.2.0-x64-mingw/bin/../lib/gcc/avr/9.2.0/avr5\libgcc.a(_epilogue.o)

.debug_pubnames
 *(.debug_pubnames)

.debug_info     0x0000000000000000      0x6b2
 *(.debug_info .gnu.linkonce.wi.*)
 .debug_info    0x0000000000000000      0x5f4 e:/softwares_programacao/eclipse/avr_gcc/avr-gcc-9.2.0-x64-mingw/bin/../lib/gcc/avr/9.2.0/../../../../avr/lib/avr5/crtatmega328p.o
 .debug_info    0x00000000000005f4       0x26 e:/softwares_programacao/eclipse/avr_gcc/avr-gcc-9.2.0-x64-mingw/bin/../lib/gcc/avr/9.2.0/avr5\libgcc.a(_exit.o)
 .debug_info    0x000000000000061a       0x26 e:/softwares_programacao/eclipse/avr_gcc/avr-gcc-9.2.0-x64-mingw/bin/../lib/gcc/avr/9.2.0/avr5\libgcc.a(_copy_data.o)
 .debug_info    0x0000000000000640       0x26 e:/softwares_programacao/eclipse/avr_gcc/avr-gcc-9.2.0-x64-mingw/bin/../lib/gcc/avr/9.2.0/avr5\libgcc.a(_clear_bss.o)
 .debug_info    0x0000000000000666       0x26 e:/softwares_programacao/eclipse/avr_gcc/avr-gcc-9.2.0-x64-mingw/bin/../lib/gcc/avr/9.2.0/avr5\libgcc.a(_prologue.o)
 .debug_info    0x000000000000068c       0x26 e:/softwares_programacao/eclipse/avr_gcc/avr-gcc-9.2.0-x64-mingw/bin/../lib/gcc/avr/9.2.0/avr5\libgcc.a(_epilogue.o)

.debug_abbrev   0x0000000000000000      0x606
 *(.debug_abbrev)
 .debug_abbrev  0x0000000000000000      0x5a2 e:/softwares_programacao/eclipse/avr_gcc/avr-gcc-9.2.0-x64-mingw/bin/../lib/gcc/avr/9.2.0/../../../../avr/lib/avr5/crtatmega328p.o
 .debug_abbrev  0x00000000000005a2       0x14 e:/softwares_programacao/eclipse/avr_gcc/avr-gcc-9.2.0-x64-mingw/bin/../lib/gcc/avr/9.2.0/avr5\libgcc.a(_exit.o)
 .debug_abbrev  0x00000000000005b6       0x14 e:/softwares_programacao/eclipse/avr_gcc/avr-gcc-9.2.0-x64-mingw/bin/../lib/gcc/avr/9.2.0/avr5\libgcc.a(_copy_data.o)
 .debug_abbrev  0x00000000000005ca       0x14 e:/softwares_programacao/eclipse/avr_gcc/avr-gcc-9.2.0-x64-mingw/bin/../lib/gcc/avr/9.2.0/avr5\libgcc.a(_clear_bss.o)
 .debug_abbrev  0x00000000000005de       0x14 e:/softwares_programacao/eclipse/avr_gcc/avr-gcc-9.2.0-x64-mingw/bin/../lib/gcc/avr/9.2.0/avr5\libgcc.a(_prologue.o)
 .debug_abbrev  0x00000000000005f2       0x14 e:/softwares_programacao/eclipse/avr_gcc/avr-gcc-9.2.0-x64-mingw/bin/../lib/gcc/avr/9.2.0/avr5\libgcc.a(_epilogue.o)

.debug_line     0x0000000000000000      0x38e
 *(.debug_line .debug_line.* .debug_line_end)
 .debug_line    0x0000000000000000       0x1d e:/softwares_programacao/eclipse/avr_gcc/avr-gcc-9.2.0-x64-mingw/bin/../lib/gcc/avr/9.2.0/../../../../avr/lib/avr5/crtatmega328p.o
 .debug_line    0x000000000000001d       0x61 e:/softwares_programacao/eclipse/avr_gcc/avr-gcc-9.2.0-x64-mingw/bin/../lib/gcc/avr/9.2.0/avr5\libgcc.a(_exit.o)
 .debug_line    0x000000000000007e       0x97 e:/softwares_programacao/eclipse/avr_gcc/avr-gcc-9.2.0-x64-mingw/bin/../lib/gcc/avr/9.2.0/avr5\libgcc.a(_copy_data.o)
 .debug_line    0x0000000000000115       0x85 e:/softwares_programacao/eclipse/avr_gcc/avr-gcc-9.2.0-x64-mingw/bin/../lib/gcc/avr/9.2.0/avr5\libgcc.a(_clear_bss.o)
 .debug_line    0x000000000000019a       0xfd e:/softwares_programacao/eclipse/avr_gcc/avr-gcc-9.2.0-x64-mingw/bin/../lib/gcc/avr/9.2.0/avr5\libgcc.a(_prologue.o)
 .debug_line    0x0000000000000297       0xf7 e:/softwares_programacao/eclipse/avr_gcc/avr-gcc-9.2.0-x64-mingw/bin/../lib/gcc/avr/9.2.0/avr5\libgcc.a(_epilogue.o)

.debug_frame
 *(.debug_frame)

.debug_str      0x0000000000000000      0x26d
 *(.debug_str)
 .debug_str     0x0000000000000000      0x20b e:/softwares_programacao/eclipse/avr_gcc/avr-gcc-9.2.0-x64-mingw/bin/../lib/gcc/avr/9.2.0/../../../../avr/lib/avr5/crtatmega328p.o
 .debug_str     0x000000000000020b       0x62 e:/softwares_programacao/eclipse/avr_gcc/avr-gcc-9.2.0-x64-mingw/bin/../lib/gcc/avr/9.2.0/avr5\libgcc.a(_exit.o)
 .debug_str     0x000000000000026d       0x62 e:/softwares_programacao/eclipse/avr_gcc/avr-gcc-9.2.0-x64-mingw/bin/../lib/gcc/avr/9.2.0/avr5\libgcc.a(_copy_data.o)
 .debug_str     0x000000000000026d       0x62 e:/softwares_programacao/eclipse/avr_gcc/avr-gcc-9.2.0-x64-mingw/bin/../lib/gcc/avr/9.2.0/avr5\libgcc.a(_clear_bss.o)
 .debug_str     0x000000000000026d       0x62 e:/softwares_programacao/eclipse/avr_gcc/avr-gcc-9.2.0-x64-mingw/bin/../lib/gcc/avr/9.2.0/avr5\libgcc.a(_prologue.o)
 .debug_str     0x000000000000026d       0x62 e:/softwares_programacao/eclipse/avr_gcc/avr-gcc-9.2.0-x64-mingw/bin/../lib/gcc/avr/9.2.0/avr5\libgcc.a(_epilogue.o)

.debug_loc
 *(.debug_loc)

.debug_macinfo
 *(.debug_macinfo)

.debug_weaknames
 *(.debug_weaknames)

.debug_funcnames
 *(.debug_funcnames)

.debug_typenames
 *(.debug_typenames)

.debug_varnames
 *(.debug_varnames)

.debug_pubtypes
 *(.debug_pubtypes)

.debug_ranges
 *(.debug_ranges)

.debug_macro
 *(.debug_macro)

.debug_addr
 *(.debug_addr)
OUTPUT(carrinho.elf elf32-avr)
LOAD linker stubs
